---
http_interactions:
- request:
    method: get
    uri: https://iad.servers.api.rackspacecloud.com/v2/<RS_TENANT_ID>/servers
    body:
      encoding: US-ASCII
      string: ''
    headers:
      Accept:
      - application/json
      Accept-Encoding:
      - gzip, deflate
      X-Auth-Token:
      - AAD276xqrvGhMUmPG6eUoH7vF_x_juuKjGjDKRQQzabDXsCvxP9bhhbcPU0BShAbtYMSH4Lu-dFNROuq08bbR4KVJuz1yqNw3Z_m34F0F8yZgTcvVWhPkKYD-bHWIUD-sFq7hlUBagNMrw
      Content-Type:
      - application/json
      User-Agent:
      - Ruby
  response:
    status:
      code: 200
      message: OK
    headers:
      Date:
      - Tue, 26 Jan 2016 19:49:08 GMT
      - Tue, 26 Jan 2016 19:49:08 GMT
      Via:
      - 1.1 Repose (Repose/7.1.3.0)
      X-Trans-Id:
      - 6761f80d-7d5e-4669-b399-772e1010f5e0
      Content-Type:
      - application/json
      X-Compute-Request-Id:
      - req-83521790-3029-4991-888e-599989337303
      Content-Length:
      - '2043'
      Server:
      - Jetty(9.2.z-SNAPSHOT)
    body:
      encoding: UTF-8
      string: '{"servers": [{"id": "95d4f801-858a-4728-9ac0-dc5900d71f76", "links":
        [{"href": "https://iad.servers.api.rackspacecloud.com/v2/<RS_TENANT_ID>/servers/95d4f801-858a-4728-9ac0-dc5900d71f76",
        "rel": "self"}, {"href": "https://iad.servers.api.rackspacecloud.com/<RS_TENANT_ID>/servers/95d4f801-858a-4728-9ac0-dc5900d71f76",
        "rel": "bookmark"}], "name": "crb_discourse"}, {"id": "b32068b7-4e57-4125-9d1a-33918e292e88",
        "links": [{"href": "https://iad.servers.api.rackspacecloud.com/v2/<RS_TENANT_ID>/servers/b32068b7-4e57-4125-9d1a-33918e292e88",
        "rel": "self"}, {"href": "https://iad.servers.api.rackspacecloud.com/<RS_TENANT_ID>/servers/b32068b7-4e57-4125-9d1a-33918e292e88",
        "rel": "bookmark"}], "name": "personal"}, {"id": "9037d915-ee27-4573-808b-167ddf05f856",
        "links": [{"href": "https://iad.servers.api.rackspacecloud.com/v2/<RS_TENANT_ID>/servers/9037d915-ee27-4573-808b-167ddf05f856",
        "rel": "self"}, {"href": "https://iad.servers.api.rackspacecloud.com/<RS_TENANT_ID>/servers/9037d915-ee27-4573-808b-167ddf05f856",
        "rel": "bookmark"}], "name": "CarinaCommunityDB2"}, {"id": "f1f0af61-fecd-4ed7-874d-3b6f5c591bdd",
        "links": [{"href": "https://iad.servers.api.rackspacecloud.com/v2/<RS_TENANT_ID>/servers/f1f0af61-fecd-4ed7-874d-3b6f5c591bdd",
        "rel": "self"}, {"href": "https://iad.servers.api.rackspacecloud.com/<RS_TENANT_ID>/servers/f1f0af61-fecd-4ed7-874d-3b6f5c591bdd",
        "rel": "bookmark"}], "name": "CarinaRedis"}, {"id": "a0eaa1df-592b-4637-a808-b5fe3cbe4250",
        "links": [{"href": "https://iad.servers.api.rackspacecloud.com/v2/<RS_TENANT_ID>/servers/a0eaa1df-592b-4637-a808-b5fe3cbe4250",
        "rel": "self"}, {"href": "https://iad.servers.api.rackspacecloud.com/<RS_TENANT_ID>/servers/a0eaa1df-592b-4637-a808-b5fe3cbe4250",
        "rel": "bookmark"}], "name": "CarinaCommunityDB1"}, {"id": "917185a6-ea7c-4bae-8954-f58b39b8b7f2",
        "links": [{"href": "https://iad.servers.api.rackspacecloud.com/v2/<RS_TENANT_ID>/servers/917185a6-ea7c-4bae-8954-f58b39b8b7f2",
        "rel": "self"}, {"href": "https://iad.servers.api.rackspacecloud.com/<RS_TENANT_ID>/servers/917185a6-ea7c-4bae-8954-f58b39b8b7f2",
        "rel": "bookmark"}], "name": "github_teams_guard"}]}'
    http_version: 
  recorded_at: Tue, 26 Jan 2016 19:49:08 GMT
- request:
    method: get
    uri: https://iad.servers.api.rackspacecloud.com/v2/<RS_TENANT_ID>/servers/95d4f801-858a-4728-9ac0-dc5900d71f76/os-volume_attachments
    body:
      encoding: US-ASCII
      string: ''
    headers:
      Accept:
      - application/json
      Accept-Encoding:
      - gzip, deflate
      X-Auth-Token:
      - AAD276xqrvGhMUmPG6eUoH7vF_x_juuKjGjDKRQQzabDXsCvxP9bhhbcPU0BShAbtYMSH4Lu-dFNROuq08bbR4KVJuz1yqNw3Z_m34F0F8yZgTcvVWhPkKYD-bHWIUD-sFq7hlUBagNMrw
      Content-Type:
      - application/json
      User-Agent:
      - Ruby
  response:
    status:
      code: 200
      message: OK
    headers:
      Date:
      - Tue, 26 Jan 2016 19:49:09 GMT
      - Tue, 26 Jan 2016 19:49:09 GMT
      Via:
      - 1.1 Repose (Repose/7.1.3.0)
      X-Trans-Id:
      - b929b467-d74e-477c-821a-d773b1c84cb2
      Content-Type:
      - application/json
      X-Compute-Request-Id:
      - req-e7b46fc1-e6bf-474b-a785-1118ced072d0
      Content-Length:
      - '198'
      Server:
      - Jetty(9.2.z-SNAPSHOT)
    body:
      encoding: UTF-8
      string: '{"volumeAttachments": [{"device": "/dev/xvdb", "serverId": "95d4f801-858a-4728-9ac0-dc5900d71f76",
        "id": "b90106aa-a1f8-4a5f-b253-e34af6badb31", "volumeId": "b90106aa-a1f8-4a5f-b253-e34af6badb31"}]}'
    http_version: 
  recorded_at: Tue, 26 Jan 2016 19:49:09 GMT
- request:
    method: get
    uri: https://iad.servers.api.rackspacecloud.com/v2/<RS_TENANT_ID>/servers/95d4f801-858a-4728-9ac0-dc5900d71f76
    body:
      encoding: US-ASCII
      string: ''
    headers:
      Accept:
      - application/json
      Accept-Encoding:
      - gzip, deflate
      X-Auth-Token:
      - AAD276xqrvGhMUmPG6eUoH7vF_x_juuKjGjDKRQQzabDXsCvxP9bhhbcPU0BShAbtYMSH4Lu-dFNROuq08bbR4KVJuz1yqNw3Z_m34F0F8yZgTcvVWhPkKYD-bHWIUD-sFq7hlUBagNMrw
      Content-Type:
      - application/json
      User-Agent:
      - Ruby
  response:
    status:
      code: 401
      message: Unauthorized
    headers:
      Date:
      - Wed, 04 May 2016 19:45:13 GMT
      Via:
      - 1.1 Repose (Repose/7.1.3.0)
      Www-Authenticate:
      - Keystone uri=https://identity.api.rackspacecloud.com/v2.0
      X-Trans-Id:
      - a8812aef-9c93-419b-8857-d50144643bf2
      Content-Length:
      - '0'
      Server:
      - Jetty(9.2.z-SNAPSHOT)
    body:
      encoding: UTF-8
      string: ''
    http_version: 
  recorded_at: Wed, 04 May 2016 19:45:13 GMT
recorded_with: VCR 3.0.1
